// Jest Snapshot v1, https://goo.gl/fbAQLP

exports[`tests button should match the snapshot 1`] = `
Object {
  "description": "This is an example of creating a reusable button component and using it with external data.",
  "displayName": "Best Button",
  "events": Array [
    Object {
      "description": "Success event.",
      "name": "success",
      "properties": Array [
        Object {
          "description": "example",
          "name": "demo",
          "type": Object {
            "names": Array [
              "object",
            ],
          },
        },
        Object {
          "description": "test called",
          "name": "called",
          "type": Object {
            "names": Array [
              "number",
            ],
          },
        },
        Object {
          "description": "Indicates whether the snowball is tightly packed.",
          "name": "isPacked",
          "type": Object {
            "names": Array [
              "boolean",
            ],
          },
        },
      ],
      "type": Object {
        "names": Array [
          "undefined",
        ],
      },
    },
  ],
  "exportName": "default",
  "methods": undefined,
  "props": Array [
    Object {
      "description": "Sm breakpoint and above",
      "name": "spanSm",
      "type": Object {
        "name": "string|number",
      },
    },
    Object {
      "description": "Md breakpoint and above",
      "name": "spanMd",
      "type": Object {
        "name": "string|number",
      },
    },
    Object {
      "description": "Number of columns (1-12) the column should span.",
      "name": "span",
      "type": Object {
        "name": "string|number",
      },
    },
    Object {
      "defaultValue": Object {
        "func": false,
        "value": "'normal'",
      },
      "description": "The size of the button",
      "mixin": Object {
        "name": "colorMixin",
        "path": "colorMixin.js",
      },
      "name": "size",
      "tags": Object {},
      "type": Object {
        "name": "string",
      },
      "values": Array [
        "small",
        "medium",
        "large",
      ],
    },
    Object {
      "mixin": Object {
        "name": "multiMixin",
        "path": "../../mixins/multiMixin.js",
      },
      "name": "shouldBe",
      "type": Object {
        "name": "string",
      },
    },
    Object {
      "description": "Another mixin",
      "mixin": Object {
        "name": "genericMixin",
        "path": "genericMixin.js",
      },
      "name": "secret",
      "type": Object {
        "name": "string",
      },
    },
    Object {
      "defaultValue": Object {
        "func": false,
        "value": "'blue'",
      },
      "description": "Example prop",
      "mixin": Object {
        "name": "another",
        "path": "../../mixins/another/index.js",
      },
      "name": "propsAnother",
      "type": Object {
        "name": "string",
      },
    },
    Object {
      "defaultValue": Object {
        "func": false,
        "value": "{ message: 'hello' }",
      },
      "description": "Object or array defaults must be returned from
a factory function",
      "name": "propE",
      "type": Object {
        "name": "object",
      },
    },
    Object {
      "name": "prop1",
      "tags": Object {
        "ignore": Array [
          Object {
            "description": true,
            "title": "ignore",
          },
        ],
      },
      "type": Object {
        "name": "string",
      },
    },
    Object {
      "description": "Prop from first mixin",
      "mixin": Object {
        "name": "namedMixin",
        "path": "namedMixin.js",
      },
      "name": "p1",
      "type": Object {
        "name": "string",
      },
    },
    Object {
      "defaultValue": Object {
        "func": true,
        "value": "() => () => null",
      },
      "description": "Add custom click actions.",
      "name": "onCustomClick",
      "tags": Object {
        "ignore": Array [
          Object {
            "description": true,
            "title": "ignore",
          },
        ],
      },
      "type": Object {
        "name": "func",
      },
    },
    Object {
      "description": "Prop from second mixin",
      "mixin": Object {
        "name": "namedMixin",
        "path": "namedMixin.js",
      },
      "name": "hello2",
      "type": Object {
        "name": "string",
      },
    },
    Object {
      "defaultValue": Object {
        "func": true,
        "value": "() => {
    return 'foo'
}",
      },
      "description": "Function default",
      "name": "funcDefault",
      "type": Object {
        "name": "func",
      },
    },
    Object {
      "defaultValue": Object {
        "func": false,
        "value": "16",
      },
      "description": "The example3 props",
      "name": "example3",
      "type": Object {
        "name": "number",
      },
    },
    Object {
      "defaultValue": Object {
        "func": false,
        "value": "'example model'",
      },
      "description": "Model example2",
      "name": "example2",
      "tags": Object {
        "model": Array [
          Object {
            "description": true,
            "title": "model",
          },
        ],
      },
      "type": Object {
        "name": "string",
      },
    },
    Object {
      "defaultValue": Object {
        "func": false,
        "value": "false",
      },
      "description": "The example props",
      "name": "example",
      "type": Object {
        "name": "boolean",
      },
    },
    Object {
      "name": "customTag",
      "tags": Object {
        "asdf": Array [
          Object {
            "description": "qwerty",
            "title": "asdf",
          },
        ],
      },
      "type": Object {
        "name": "string",
      },
    },
    Object {
      "defaultValue": Object {
        "func": false,
        "value": "'#333'",
      },
      "description": "The color for the button example",
      "mixin": Object {
        "name": "colorMixin",
        "path": "colorMixin.js",
      },
      "name": "color",
      "type": Object {
        "name": "string",
      },
    },
  ],
  "slots": Array [
    Object {
      "description": "Use this slot default",
      "name": "default",
    },
  ],
  "tags": Object {
    "author": Array [
      Object {
        "description": "[Rafael](https://github.com/rafaesc92)",
        "title": "author",
      },
    ],
    "version": Array [
      Object {
        "description": "1.0.5",
        "title": "version",
      },
    ],
  },
}
`;
